======= AST Display =========================
Package
  ClassDeclList [0]
=============================================
