======= AST Display =========================
Package
  ClassDeclList [1]
  . ClassDecl
  .   "Foo" classname
  .   FieldDeclList [0]
  .   MethodDeclList [1]
  .   . (private) MethodDecl
  .   .   VOID BaseType
  .   .   "x" methodname
  .   .   ParameterDeclList [0]
  .   .   StmtList [0]
=============================================
